-- Automatically generated by SQLQueryTestSuite
-- Number of queries: 5


-- !query 0
create temporary view t1 as select * from values
  (1, 1), (2, 1), (null, 1),
  (1, 3), (null, 3),
  (1, null), (null, 2)
as t1(a1, b1)
-- !query 0 schema
struct<>
-- !query 0 output



-- !query 1
create temporary view t2 as select * from values
  (1, 1),
  (null, 3),
  (1, null)
as t2(a2, b2)
-- !query 1 schema
struct<>
-- !query 1 output



-- !query 2
select a1,b1
from   t1
where  (a1,b1) not in (select a2,b2
                       from   t2)
-- !query 2 schema
struct<a1:int,b1:int>
-- !query 2 output
2	1


-- !query 3
select a1,b1
from   t1
where  (a1-1,b1) not in (select a2,b2
                         from   t2)
-- !query 3 schema
struct<a1:int,b1:int>
-- !query 3 output
1	1


-- !query 4
select a1,b1
from   t1
where  (a1,b1) not in (select a2+1,b2
                       from   t2)
-- !query 4 schema
struct<a1:int,b1:int>
-- !query 4 output
1	1
