-- Automatically generated by SQLQueryTestSuite
-- Number of queries: 8


-- !query 0
CREATE TEMPORARY VIEW grouping AS SELECT * FROM VALUES
  ("1", "2", "3", 1),
  ("4", "5", "6", 1),
  ("7", "8", "9", 1)
  AS grouping(a, b, c, d)
-- !query 0 schema
struct<>
-- !query 0 output



-- !query 1
CREATE TEMPORARY VIEW grouping_null AS SELECT * FROM VALUES
  CAST(NULL AS STRING),
  CAST(NULL AS STRING)
  AS T(e)
-- !query 1 schema
struct<>
-- !query 1 output



-- !query 2
SELECT a, b, c, count(d) FROM grouping GROUP BY a, b, c GROUPING SETS (())
-- !query 2 schema
struct<a:string,b:string,c:string,count(d):bigint>
-- !query 2 output
NULL	NULL	NULL	3


-- !query 3
SELECT a, b, c, count(d) FROM grouping GROUP BY a, b, c GROUPING SETS ((a))
-- !query 3 schema
struct<a:string,b:string,c:string,count(d):bigint>
-- !query 3 output
1	NULL	NULL	1
4	NULL	NULL	1
7	NULL	NULL	1


-- !query 4
SELECT a, b, c, count(d) FROM grouping GROUP BY a, b, c GROUPING SETS ((c))
-- !query 4 schema
struct<a:string,b:string,c:string,count(d):bigint>
-- !query 4 output
NULL	NULL	3	1
NULL	NULL	6	1
NULL	NULL	9	1


-- !query 5
SELECT COUNT(1) FROM grouping_null GROUP BY e GROUPING SETS (e)
-- !query 5 schema
struct<count(1):bigint>
-- !query 5 output
2


-- !query 6
DROP VIEW IF EXISTS grouping
-- !query 6 schema
struct<>
-- !query 6 output



-- !query 7
DROP VIEW IF EXISTS grouping_null
-- !query 7 schema
struct<>
-- !query 7 output

